// Jest Snapshot v1, https://goo.gl/fbAQLP

exports[`about renders correctly 1`] = `
<div
  className="allContent container"
>
  <div
    className="row"
  >
    <div
      className="col"
    >
      <h2>
        Our Story
      </h2>
      <p>
        Lorem ipsum dolor sit amet, consectetur adipiscing elit, sed do eiusmod tempor incididunt ut labore et dolore magna aliqua. Ut enim ad minim veniam, quis nostrud exercitation cupidatat non proident, sunt in culpa qui officia deserunt mollit anim id est laborum.
      </p>
    </div>
  </div>
</div>
`;

exports[`renders correctly 1`] = `
<div
  className="allContent container"
>
  <div
    className="row"
  >
    <div
      className="col"
    >
      <h2>
        Our Story
      </h2>
      <p>
        Lorem ipsum dolor sit amet, consectetur adipiscing elit, sed do eiusmod tempor incididunt ut labore et dolore magna aliqua. Ut enim ad minim veniam, quis nostrud exercitation cupidatat non proident, sunt in culpa qui officia deserunt mollit anim id est laborum.
      </p>
    </div>
  </div>
</div>
`;
